info:  Game: ForzaWebHelper.exe
info:  DXVK: v2.7.1
info:  Build: x86_64 clang 21.1.8
info:  Found config env: dxvk.enableStarProfile = Auto; vegas.enableUpscaler = Auto
info:  Effective configuration:
info:    vegas.enableUpscaler = Auto
info:    dxvk.enableStarProfile = Auto
info:  Vulkan: Found vkGetInstanceProcAddr in winevulkan.dll @ 0x6ff2797cc0
info:  Extension providers:
info:    Platform WSI
info:    OpenVR
info:  OpenVR: could not open registry key, status 2
info:  OpenVR: Failed to locate module
info:    OpenXR
info:  Enabled instance extensions:
info:    VK_EXT_surface_maintenance1
info:    VK_KHR_get_surface_capabilities2
info:    VK_KHR_surface
info:    VK_KHR_win32_surface
info:  Found device: Wrapper(Mali-G925-Immortalis MC12) (Wrapper driver 49.1.0)
info:  Game: ForzaWebHelper.exe
info:  DXVK: v2.7.1
info:  Build: x86_64 clang 21.1.8
info:  Found config env: dxvk.enableStarProfile = Auto; vegas.enableUpscaler = Auto
info:  Effective configuration:
info:    vegas.enableUpscaler = Auto
info:    dxvk.enableStarProfile = Auto
info:  Vulkan: Found vkGetInstanceProcAddr in winevulkan.dll @ 0x6ff2797cc0
info:  Extension providers:
info:    Platform WSI
info:    OpenVR
info:  OpenVR: could not open registry key, status 2
info:  OpenVR: Failed to locate module
info:    OpenXR
info:  Enabled instance extensions:
info:    VK_EXT_surface_maintenance1
info:    VK_KHR_get_surface_capabilities2
info:    VK_KHR_surface
info:    VK_KHR_win32_surface
info:  Found device: Wrapper(Mali-G925-Immortalis MC12) (Wrapper driver 49.1.0)
info:  Game: ForzaWebHelper.exe
info:  DXVK: v2.7.1
info:  Build: x86_64 clang 21.1.8
info:  Found config env: dxvk.enableStarProfile = Auto; vegas.enableUpscaler = Auto
info:  Effective configuration:
info:    vegas.enableUpscaler = Auto
info:    dxvk.enableStarProfile = Auto
info:  Vulkan: Found vkGetInstanceProcAddr in winevulkan.dll @ 0x6ff2797cc0
info:  Extension providers:
info:    Platform WSI
info:    OpenVR
info:  OpenVR: could not open registry key, status 2
info:  OpenVR: Failed to locate module
info:    OpenXR
info:  Enabled instance extensions:
info:    VK_EXT_surface_maintenance1
info:    VK_KHR_get_surface_capabilities2
info:    VK_KHR_surface
info:    VK_KHR_win32_surface
info:  Found device: Wrapper(Mali-G925-Immortalis MC12) (Wrapper driver 49.1.0)
